2026-02-18 19:46:47.209 16108-16108 MoonPhaseCard           com.android.sun.tattva               D  ğŸ• Tripura Sundari: Calendar TZ: Europe/Bucharest, millis: 1772360763693
2026-02-18 19:46:47.209 16108-16108 MoonPhaseCard           com.android.sun.tattva               D  ğŸ• Full moon: Calendar TZ: Europe/Bucharest, millis: 1772537883693
2026-02-18 19:46:47.210 16108-16108 MoonPhaseCard           com.android.sun.tattva               D  ğŸ• New moon: Calendar TZ: Europe/Bucharest, millis: 1773883383693
2026-02-18 19:46:47.231 16108-16108 MoonPhaseCard           com.android.sun.tattva               D  ğŸ• Tripura Sundari: Calendar TZ: Europe/Bucharest, millis: 1772360763693
2026-02-18 19:46:47.231 16108-16108 MoonPhaseCard           com.android.sun.tattva               D  ğŸ• Full moon: Calendar TZ: Europe/Bucharest, millis: 1772537883693
2026-02-18 19:46:47.232 16108-16108 MoonPhaseCard           com.android.sun.tattva               D  ğŸ• New moon: Calendar TZ: Europe/Bucharest, millis: 1773883383693
2026-02-18 19:46:50.926 16108-16162 TattvaNoti...ionService com.android.sun.tattva               D  â•â•â•â•â•â•â•â•â•â•â•â•â•â•â•â•â•â•â•â•â•â•â•â•â•â•â•â•â•â•â•â•â•â•â•â•â•â•â•â•â•â•â•â•â•â•â•â•â•â•â•â•â•â•â•
2026-02-18 19:46:50.926 16108-16162 TattvaNoti...ionService com.android.sun.tattva               D  updateNotification() called
2026-02-18 19:46:50.926 16108-16162 SwissEphWrapper         com.android.sun.tattva               D  âœ… Already initialized globally, reusing path
2026-02-18 19:46:50.928 16108-16162 TattvaNoti...ionService com.android.sun.tattva               D  Settings: showTattva=true, showPlanet=true
2026-02-18 19:46:50.934 16108-16162 AstroCalculator         com.android.sun.tattva               D  â•â•â•â•â•â•â•â•â•â•â•â•â•â•â•â•â•â•â•â•â•â•â•â•â•â•â•â•â•â•â•â•â•â•â•â•â•â•â•
2026-02-18 19:46:50.934 16108-16162 AstroCalculator         com.android.sun.tattva               D  ğŸ“ Julian Day: 2461089.7160554733
2026-02-18 19:46:50.934 16108-16162 AstroCalculator         com.android.sun.tattva               D  ğŸ“ Unix millis (UTC): 1771391467192
2026-02-18 19:46:50.934 16108-16162 AstroCalculator         com.android.sun.tattva               D  ğŸ“ Calendar TimeZone: UTC
2026-02-18 19:46:50.934 16108-16162 AstroCalculator         com.android.sun.tattva               D  ğŸ“ Ora UTC: 5:11:07
2026-02-18 19:46:50.934 16108-16162 AstroCalculator         com.android.sun.tattva               D  â•â•â•â•â•â•â•â•â•â•â•â•â•â•â•â•â•â•â•â•â•â•â•â•â•â•â•â•â•â•â•â•â•â•â•â•â•â•â•
2026-02-18 19:46:50.939 16108-16162 AstroCalculator         com.android.sun.tattva               D  â•â•â•â•â•â•â•â•â•â•â•â•â•â•â•â•â•â•â•â•â•â•â•â•â•â•â•â•â•â•â•â•â•â•â•â•â•â•â•
2026-02-18 19:46:50.939 16108-16162 AstroCalculator         com.android.sun.tattva               D  ğŸ“ Julian Day: 2461090.1586515913
2026-02-18 19:46:50.939 16108-16162 AstroCalculator         com.android.sun.tattva               D  ğŸ“ Unix millis (UTC): 1771429707497
2026-02-18 19:46:50.939 16108-16162 AstroCalculator         com.android.sun.tattva               D  ğŸ“ Calendar TimeZone: UTC
2026-02-18 19:46:50.939 16108-16162 AstroCalculator         com.android.sun.tattva               D  ğŸ“ Ora UTC: 15:48:27
2026-02-18 19:46:50.939 16108-16162 AstroCalculator         com.android.sun.tattva               D  â•â•â•â•â•â•â•â•â•â•â•â•â•â•â•â•â•â•â•â•â•â•â•â•â•â•â•â•â•â•â•â•â•â•â•â•â•â•â•
2026-02-18 19:46:50.947 16108-16162 AstroCalculator         com.android.sun.tattva               D  â•â•â•â•â•â•â•â•â•â•â•â•â•â•â•â•â•â•â•â•â•â•â•â•â•â•â•â•â•â•â•â•â•â•â•â•â•â•â•
2026-02-18 19:46:50.947 16108-16162 AstroCalculator         com.android.sun.tattva               D  ğŸ“ Julian Day: 2461089.157692036
2026-02-18 19:46:50.947 16108-16162 AstroCalculator         com.android.sun.tattva               D  ğŸ“ Unix millis (UTC): 1771343224591
2026-02-18 19:46:50.947 16108-16162 AstroCalculator         com.android.sun.tattva               D  ğŸ“ Calendar TimeZone: UTC
2026-02-18 19:46:50.947 16108-16162 AstroCalculator         com.android.sun.tattva               D  ğŸ“ Ora UTC: 15:47:04
2026-02-18 19:46:50.947 16108-16162 AstroCalculator         com.android.sun.tattva               D  â•â•â•â•â•â•â•â•â•â•â•â•â•â•â•â•â•â•â•â•â•â•â•â•â•â•â•â•â•â•â•â•â•â•â•â•â•â•â•
2026-02-18 19:46:50.956 16108-16162 AstroCalculator         com.android.sun.tattva               D  â•â•â•â•â•â•â•â•â•â•â•â•â•â•â•â•â•â•â•â•â•â•â•â•â•â•â•â•â•â•â•â•â•â•â•â•â•â•â•
2026-02-18 19:46:50.956 16108-16162 AstroCalculator         com.android.sun.tattva               D  ğŸ“ Julian Day: 2461090.714978298
2026-02-18 19:46:50.956 16108-16162 AstroCalculator         com.android.sun.tattva               D  ğŸ“ Unix millis (UTC): 1771477774124
2026-02-18 19:46:50.957 16108-16162 AstroCalculator         com.android.sun.tattva               D  ğŸ“ Calendar TimeZone: UTC
2026-02-18 19:46:50.957 16108-16162 AstroCalculator         com.android.sun.tattva               D  ğŸ“ Ora UTC: 5:09:34
2026-02-18 19:46:50.957 16108-16162 AstroCalculator         com.android.sun.tattva               D  â•â•â•â•â•â•â•â•â•â•â•â•â•â•â•â•â•â•â•â•â•â•â•â•â•â•â•â•â•â•â•â•â•â•â•â•â•â•â•
2026-02-18 19:46:50.957 16108-16162 TattvaCalculator        com.android.sun.tattva               D  === TATTVA DEBUG START ===
2026-02-18 19:46:50.958 16108-16162 TattvaCalculator        com.android.sun.tattva               D  Current time: 2026-02-18 19:46:50
2026-02-18 19:46:50.958 16108-16162 TattvaCalculator        com.android.sun.tattva               D  Sunrise time: 2026-02-18 05:11:07
2026-02-18 19:46:50.958 16108-16162 TattvaCalculator        com.android.sun.tattva               D  Elapsed since sunrise: 755 minutes
2026-02-18 19:46:50.959 16108-16162 TattvaCalculator        com.android.sun.tattva               D  Tattva index from sunrise: 31
2026-02-18 19:46:50.959 16108-16162 TattvaCalculator        com.android.sun.tattva               D  Cycle number: 6
2026-02-18 19:46:50.959 16108-16162 TattvaCalculator        com.android.sun.tattva               D  Tattva index in cycle: 1
2026-02-18 19:46:50.959 16108-16162 TattvaCalculator        com.android.sun.tattva               D  Current Tattva: Vayu
2026-02-18 19:46:50.959 16108-16162 TattvaCalculator        com.android.sun.tattva               D  Tattva starts at: 2026-02-18 19:35:07
2026-02-18 19:46:50.960 16108-16162 TattvaCalculator        com.android.sun.tattva               D  Tattva ends at: 2026-02-18 19:59:07
2026-02-18 19:46:50.960 16108-16162 TattvaCalculator        com.android.sun.tattva               D  Current millis: 1771436810928
2026-02-18 19:46:50.960 16108-16162 TattvaCalculator        com.android.sun.tattva               D  Tattva end millis: 1771437547192
2026-02-18 19:46:50.960 16108-16162 TattvaCalculator        com.android.sun.tattva               D  Remaining millis: 736264
2026-02-18 19:46:50.960 16108-16162 TattvaCalculator        com.android.sun.tattva               D  Remaining: 12m 16s
2026-02-18 19:46:50.960 16108-16162 TattvaCalculator        com.android.sun.tattva               D  === TATTVA DEBUG END ===
2026-02-18 19:46:50.961 16108-16162 SubTattvaCalculator     com.android.sun.tattva               D  === SUBTATTVA DEBUG START ===
2026-02-18 19:46:50.961 16108-16162 SubTattvaCalculator     com.android.sun.tattva               D  Current time: 2026-02-18 19:46:50
2026-02-18 19:46:50.961 16108-16162 SubTattvaCalculator     com.android.sun.tattva               D  Sunrise time: 2026-02-18 05:11:07
2026-02-18 19:46:50.961 16108-16162 SubTattvaCalculator     com.android.sun.tattva               D  Elapsed since sunrise: 45343 seconds
2026-02-18 19:46:50.961 16108-16162 SubTattvaCalculator     com.android.sun.tattva               D  SubTattva index from sunrise: 157
2026-02-18 19:46:50.961 16108-16162 SubTattvaCalculator     com.android.sun.tattva               D  SubTattva index in Tattva: 2
2026-02-18 19:46:50.961 16108-16162 SubTattvaCalculator     com.android.sun.tattva               D  Current SubTattva: Tejas
2026-02-18 19:46:50.962 16108-16162 SubTattvaCalculator     com.android.sun.tattva               D  SubTattva starts at: 2026-02-18 19:44:43
2026-02-18 19:46:50.962 16108-16162 SubTattvaCalculator     com.android.sun.tattva               D  SubTattva ends at: 2026-02-18 19:49:31
2026-02-18 19:46:50.962 16108-16162 SubTattvaCalculator     com.android.sun.tattva               D  Current millis: 1771436810928
2026-02-18 19:46:50.962 16108-16162 SubTattvaCalculator     com.android.sun.tattva               D  SubTattva end millis: 1771436971192
2026-02-18 19:46:50.962 16108-16162 SubTattvaCalculator     com.android.sun.tattva               D  Remaining millis: 160264
2026-02-18 19:46:50.963 16108-16162 SubTattvaCalculator     com.android.sun.tattva               D  Remaining: 2m 40s
2026-02-18 19:46:50.963 16108-16162 SubTattvaCalculator     com.android.sun.tattva               D  === SUBTATTVA DEBUG END ===
2026-02-18 19:46:50.965 16108-16162 MoonPhaseCalculator     com.android.sun.tattva               D  ğŸ“ START SEARCH: target=154.2833Â°, current=15.272009059271Â°
2026-02-18 19:46:50.965 16108-16162 MoonPhaseCalculator     com.android.sun.tattva               D    Degrees to go: 139.011290940729Â°, estimated days: 11
2026-02-18 19:46:50.967 16108-16162 MoonPhaseCalculator     com.android.sun.tattva               D    After DAY search:   2026-03-01 17:46:50 UTC
2026-02-18 19:46:50.970 16108-16162 MoonPhaseCalculator     com.android.sun.tattva               D    After HOUR search:  2026-03-01 10:46:50 UTC
2026-02-18 19:46:50.975 16108-16162 MoonPhaseCalculator     com.android.sun.tattva               D  âœ… FOUND phase 154.2833Â° (UTC):  2026-03-01 10:25:50 UTC, diff=1.305318463664662E-4Â°
2026-02-18 19:46:50.975 16108-16162 MoonPhaseCalculator     com.android.sun.tattva               D  âœ… Converted to Europe/Bucharest: 2026-03-01 12:25:50 Europe/Bucharest
2026-02-18 19:46:50.975 16108-16162 MoonPhaseCalculator     com.android.sun.tattva               D  ğŸ“ START SEARCH: target=180.0Â°, current=15.272009059271Â°
2026-02-18 19:46:50.976 16108-16162 MoonPhaseCalculator     com.android.sun.tattva               D    Degrees to go: 164.727990940729Â°, estimated days: 13
2026-02-18 19:46:50.983 16108-16162 MoonPhaseCalculator     com.android.sun.tattva               D    After DAY search:   2026-03-03 17:46:50 UTC
2026-02-18 19:46:50.984 16108-16162 MoonPhaseCalculator     com.android.sun.tattva               D    After HOUR search:  2026-03-03 11:46:50 UTC
2026-02-18 19:46:50.989 16108-16162 MoonPhaseCalculator     com.android.sun.tattva               D  âœ… FOUND phase 180.0Â° (UTC):  2026-03-03 11:37:50 UTC, diff=0.0011338843942212407Â°
2026-02-18 19:46:50.989 16108-16162 MoonPhaseCalculator     com.android.sun.tattva               D  âœ… Converted to Europe/Bucharest: 2026-03-03 13:37:50 Europe/Bucharest
2026-02-18 19:46:50.990 16108-16162 MoonPhaseCalculator     com.android.sun.tattva               D  ğŸ“ START SEARCH: target=0.0Â°, current=15.272009059271Â°
2026-02-18 19:46:50.990 16108-16162 MoonPhaseCalculator     com.android.sun.tattva               D    Degrees to go: 344.727990940729Â°, estimated days: 27
2026-02-18 19:46:50.993 16108-16162 MoonPhaseCalculator     com.android.sun.tattva               D    After DAY search:   2026-03-18 17:46:50 UTC
2026-02-18 19:46:50.994 16108-16162 MoonPhaseCalculator     com.android.sun.tattva               D    After HOUR search:  2026-03-19 01:46:50 UTC
2026-02-18 19:46:50.998 16108-16162 MoonPhaseCalculator     com.android.sun.tattva               D  âœ… FOUND phase 0.0Â° (UTC):  2026-03-19 01:22:50 UTC, diff=0.004046541266859549Â°
2026-02-18 19:46:50.999 16108-16162 MoonPhaseCalculator     com.android.sun.tattva               D  âœ… Converted to Europe/Bucharest: 2026-03-19 03:22:50 Europe/Bucharest
2026-02-18 19:46:50.999 16108-16162 MoonPhaseCalculator     com.android.sun.tattva               D  === MOON PHASE DEBUG ===
2026-02-18 19:46:50.999 16108-16162 MoonPhaseCalculator     com.android.sun.tattva               D  Location TZ: Europe/Bucharest
2026-02-18 19:46:50.999 16108-16162 MoonPhaseCalculator     com.android.sun.tattva               D  Moon:      345.35066998018294Â°, Sun:   330.07866092091194Â°
2026-02-18 19:46:50.999 16108-16162 MoonPhaseCalculator     com.android.sun.tattva               D  Phase angle: 15.272009059271Â°
2026-02-18 19:46:50.999 16108-16162 MoonPhaseCalculator     com.android.sun.tattva               D  Illumination:  1%
2026-02-18 19:46:50.999 16108-16162 MoonPhaseCalculator     com.android.sun.tattva               D  Next Tripura Sundari: 2026-03-01 12:25:50 Europe/Bucharest
2026-02-18 19:46:51.000 16108-16162 MoonPhaseCalculator     com.android.sun.tattva               D  Next Full Moon:    2026-03-03 13:37:50 Europe/Bucharest
2026-02-18 19:46:51.000 16108-16162 MoonPhaseCalculator     com.android.sun.tattva               D  Next New Moon:   2026-03-19 03:22:50 Europe/Bucharest
2026-02-18 19:46:51.000 16108-16162 PlanetDebug             com.android.sun.tattva               D  ============================================
2026-02-18 19:46:51.000 16108-16162 PlanetDebug             com.android.sun.tattva               D  ğŸ” PLANETARY HOUR CALCULATION START
2026-02-18 19:46:51.000 16108-16162 PlanetDebug             com.android.sun.tattva               D  ============================================
2026-02-18 19:46:51.000 16108-16162 PlanetDebug             com.android.sun.tattva               D  ğŸ“… currentTime:     2026-02-18 19:46:50
2026-02-18 19:46:51.001 16108-16162 PlanetDebug             com.android.sun.tattva               D  ğŸŒ… sunrise:         2026-02-18 07:11:07
2026-02-18 19:46:51.001 16108-16162 PlanetDebug             com.android.sun.tattva               D  ğŸŒ‡ sunset:          2026-02-18 17:48:27
2026-02-18 19:46:51.001 16108-16162 PlanetDebug             com.android.sun.tattva               D  ğŸŒ‡ previousSunset:  2026-02-17 17:47:04
2026-02-18 19:46:51.001 16108-16162 PlanetDebug             com.android.sun.tattva               D  ğŸŒ… nextSunrise:     2026-02-19 07:09:34
2026-02-18 19:46:51.001 16108-16162 PlanetDebug             com.android.sun.tattva               D  â˜€ï¸ isDayTime: false
2026-02-18 19:46:51.001 16108-16162 PlanetDebug             com.android.sun.tattva               D  ğŸŒ™ NIGHT (after sunset): from sunset to nextSunrise
2026-02-18 19:46:51.002 16108-16162 PlanetDebug             com.android.sun.tattva               D  â° startMillis: 1771429707497 (2026-02-18 17:48:27)
2026-02-18 19:46:51.002 16108-16162 PlanetDebug             com.android.sun.tattva               D  â° endMillis:   1771477774124 (2026-02-19 07:09:34)
2026-02-18 19:46:51.002 16108-16162 PlanetDebug             com.android.sun.tattva               D  â± totalDuration: 801.11045 minutes
2026-02-18 19:46:51.002 16108-16162 PlanetDebug             com.android.sun.tattva               D  â± planetaryHourDuration: 66.7592 minutes
2026-02-18 19:46:51.002 16108-16162 PlanetDebug             com.android.sun.tattva               D  â± elapsedTime: 118.39051666666667 minutes
2026-02-18 19:46:51.002 16108-16162 PlanetDebug             com.android.sun.tattva               D  ğŸ”¢ hourIndex: 1 (hour 2 of 12)
2026-02-18 19:46:51.002 16108-16162 PlanetDebug             com.android.sun.tattva               D  ğŸŒ™ NIGHT: globalHourIndex = 13 (hours 13-24 of day)
2026-02-18 19:46:51.002 16108-16162 PlanetDebug             com.android.sun.tattva               D  â° hourStart: 2026-02-18 18:55:13
2026-02-18 19:46:51.002 16108-16162 PlanetDebug             com.android.sun.tattva               D  â° hourEnd:   2026-02-18 20:01:58
2026-02-18 19:46:51.002 16108-16162 PlanetDebug             com.android.sun.tattva               D  ğŸ“… referenceDay: 2026-02-18 07:11:07
2026-02-18 19:46:51.003 16108-16162 PlanetDebug             com.android.sun.tattva               D  ğŸ“… dayOfWeek: 3 (WED)
2026-02-18 19:46:51.003 16108-16162 PlanetDebug             com.android.sun.tattva               D  ğŸ“… dayRuler: Mercury
2026-02-18 19:46:51.003 16108-16162 PlanetDebug             com.android.sun.tattva               D  ğŸ”¢ globalHourIndex: 13 (hour 14 of 24)
2026-02-18 19:46:51.003 16108-16162 PlanetDebug             com.android.sun.tattva               D  ğŸ” getPlanetForHour: dayOfWeek=3, globalHourIndex=13
2026-02-18 19:46:51.003 16108-16162 PlanetDebug             com.android.sun.tattva               D  ğŸ” startPlanet: Mercur (index 5 in chaldeanOrder)
2026-02-18 19:46:51.003 16108-16162 PlanetDebug             com.android.sun.tattva               D  ğŸ” planetIndex: (5 + 13) % 7 = 4
2026-02-18 19:46:51.003 16108-16162 PlanetDebug             com.android.sun.tattva               D  ğŸ” result: Venus
2026-02-18 19:46:51.003 16108-16162 PlanetDebug             com.android.sun.tattva               D  ğŸª RESULT: Venus (â™€)
2026-02-18 19:46:51.003 16108-16162 PlanetDebug             com.android.sun.tattva               D  ============================================
2026-02-18 19:46:51.003 16108-16162 NityaDebug              com.android.sun.tattva               D  ============================================
2026-02-18 19:46:51.003 16108-16162 NityaDebug              com.android.sun.tattva               D  ğŸŒ™ NITYA CALCULATION START
2026-02-18 19:46:51.003 16108-16162 NityaDebug              com.android.sun.tattva               D  ============================================
2026-02-18 19:46:51.003 16108-16162 NityaDebug              com.android.sun.tattva               D  Moon Longitude: 345.35Â°
2026-02-18 19:46:51.003 16108-16162 NityaDebug              com.android.sun.tattva               D  Sun Longitude:  330.08Â°
2026-02-18 19:46:51.003 16108-16162 NityaDebug              com.android.sun.tattva               D  Difference:     15.27Â°
2026-02-18 19:46:51.003 16108-16162 NityaDebug              com.android.sun.tattva               D  Tithi Index:    1 (raw)
2026-02-18 19:46:51.003 16108-16162 NityaDebug              com.android.sun.tattva               D  Paksha:         Shukla (Bright)
2026-02-18 19:46:51.003 16108-16162 NityaDebug              com.android.sun.tattva               D  Nitya Index:    1 (adjusted)
2026-02-18 19:46:51.004 16108-16162 NityaDebug              com.android.sun.tattva               D  Nitya Result:   2 - Bhagamalini
2026-02-18 19:46:51.004 16108-16162 NityaDebug              com.android.sun.tattva               D  Tithi Progress: 27.27% (3.27Â° in current Tithi)
2026-02-18 19:46:51.004 16108-16162 NityaDebug              com.android.sun.tattva               D  Hours elapsed:  6.44 hours
2026-02-18 19:46:51.004 16108-16162 NityaDebug              com.android.sun.tattva               D  Hours remaining: 17.17 hours
2026-02-18 19:46:51.004 16108-16162 NityaDebug              com.android.sun.tattva               D  Start Time:     Wed Feb 18 13:20:50 GMT+02:00 2026
2026-02-18 19:46:51.004 16108-16162 NityaDebug              com.android.sun.tattva               D  End Time:       Thu Feb 19 12:56:50 GMT+02:00 2026
2026-02-18 19:46:51.004 16108-16162 NityaDebug              com.android.sun.tattva               D  ============================================
2026-02-18 19:46:51.005 16108-16162 NakshatraDebug          com.android.sun.tattva               D  ============================================
2026-02-18 19:46:51.005 16108-16162 NakshatraDebug          com.android.sun.tattva               D  ğŸŒ™ NAKSHATRA CALCULATION START
2026-02-18 19:46:51.005 16108-16162 NakshatraDebug          com.android.sun.tattva               D  ============================================
2026-02-18 19:46:51.005 16108-16162 NakshatraDebug          com.android.sun.tattva               D  Moon Longitude (current): 345.35Â°
2026-02-18 19:46:51.005 16108-16162 NakshatraDebug          com.android.sun.tattva               D  Current Time: Wed Feb 18 19:46:50 GMT+02:00 2026
2026-02-18 19:46:51.005 16108-16162 NakshatraDebug          com.android.sun.tattva               D  Nakshatra Index: 25
2026-02-18 19:46:51.005 16108-16162 NakshatraDebug          com.android.sun.tattva               D  Nakshatra: Uttara Bhadrapada
2026-02-18 19:46:51.005 16108-16162 NakshatraDebug          com.android.sun.tattva               D  Progress: 90.13% (12.0173Â° in current Nakshatra)
2026-02-18 19:46:51.005 16108-16162 NakshatraDebug          com.android.sun.tattva               D  Hours elapsed since Nakshatra start: 21.85 hours
2026-02-18 19:46:51.005 16108-16162 NakshatraDebug          com.android.sun.tattva               D  Hours remaining until Nakshatra end: 2.39 hours
2026-02-18 19:46:51.005 16108-16162 NakshatraDebug          com.android.sun.tattva               D  Start Time: Tue Feb 17 21:55:52 GMT+02:00 2026
2026-02-18 19:46:51.005 16108-16162 NakshatraDebug          com.android.sun.tattva               D  End Time: Wed Feb 18 22:10:23 GMT+02:00 2026
2026-02-18 19:46:51.006 16108-16162 NakshatraDebug          com.android.sun.tattva               D  Reference Moon Longitude: 338.31Â°
2026-02-18 19:46:51.006 16108-16162 NakshatraDebug          com.android.sun.tattva               D  Reference Time: Wed Feb 18 07:11:07 GMT+02:00 2026
2026-02-18 19:46:51.006 16108-16162 NakshatraDebug          com.android.sun.tattva               D  Zero Reference Time: Fri Jan 23 16:04:18 GMT+02:00 2026
2026-02-18 19:46:51.006 16108-16162 NakshatraDebug          com.android.sun.tattva               D  ============================================
2026-02-18 19:46:51.006 16108-16162 NakshatraDebug          com.android.sun.tattva               D  Moon Position in Zodiac: 15Â°21'02" PeÈ™ti (345.35Â°)
2026-02-18 19:46:51.006 16108-16162 PolarityCalculator      com.android.sun.tattva               D  === POLARITY DEBUG ===
2026-02-18 19:46:51.006 16108-16162 PolarityCalculator      com.android.sun.tattva               D  Moon: 338.3125350935154Â°, Sun:  329.54902580216424Â°
2026-02-18 19:46:51.006 16108-16162 PolarityCalculator      com.android.sun.tattva               D  Diff: 8.76350929135117Â°, Paksha: Shukla
2026-02-18 19:46:51.006 16108-16162 PolarityCalculator      com.android.sun.tattva               D  Nitya: 1, nn: 0 (PAR)
2026-02-18 19:46:51.006 16108-16162 PolarityCalculator      com.android.sun.tattva               D  Sunrise Polarity: (-) Ida
2026-02-18 19:46:51.006 16108-16162 PolarityCalculator      com.android.sun.tattva               D  === POLARITY DEBUG ===
2026-02-18 19:46:51.007 16108-16162 PolarityCalculator      com.android.sun.tattva               D  Moon: 344.2438701529939Â°, Sun:  329.9957014196157Â°
2026-02-18 19:46:51.007 16108-16162 PolarityCalculator      com.android.sun.tattva               D  Diff: 14.24816873337818Â°, Paksha: Shukla
2026-02-18 19:46:51.007 16108-16162 PolarityCalculator      com.android.sun.tattva               D  Nitya: 2, nn: 0 (PAR)
2026-02-18 19:46:51.007 16108-16162 PolarityCalculator      com.android.sun.tattva               D  Sunset Polarity: (+) Pingala
2026-02-18 19:46:51.007 16108-16162 AstroRepository         com.android.sun.tattva               D  â•â•â•â•â•â•â•â•â•â•â•â•â•â•â•â•â•â•â•â•â•â•â•â•â•â•â•â•â•â•â•â•â•â•â•â•â•â•â•
2026-02-18 19:46:51.008 16108-16162 AstroRepository         com.android.sun.tattva               D  ğŸ“ Location: BucureÈ™ti
2026-02-18 19:46:51.008 16108-16162 AstroRepository         com.android.sun.tattva               D  ğŸ“ TimeZone offset: 2.0 ore
2026-02-18 19:46:51.008 16108-16162 AstroRepository         com.android.sun.tattva               D  ğŸ“ LocationTimeZone: Europe/Bucharest
2026-02-18 19:46:51.008 16108-16162 AstroRepository         com.android.sun.tattva               D  ğŸŒ… Sunrise formatted: 07:11:07
2026-02-18 19:46:51.008 16108-16162 AstroRepository         com.android.sun.tattva               D  ğŸŒ‡ Sunset formatted:  17:48:27
2026-02-18 19:46:51.009 16108-16162 AstroRepository         com.android.sun.tattva               D  â•â•â•â•â•â•â•â•â•â•â•â•â•â•â•â•â•â•â•â•â•â•â•â•â•â•â•â•â•â•â•â•â•â•â•â•â•â•â•
2026-02-18 19:46:51.009 16108-16162 AstroRepository         com.android.sun.tattva               D  ğŸŒ™ Zodiac: lon=330.07866092091194Â° â†’ 330.07866092091194Â° â†’ PeÈ™ti 0Â°4'43"
2026-02-18 19:46:51.009 16108-16162 AstroRepository         com.android.sun.tattva               D  ğŸŒ™ Zodiac: lon=345.35066998018294Â° â†’ 345.35066998018294Â° â†’ PeÈ™ti 15Â°21'2"
2026-02-18 19:46:51.016 16108-16162 AstroCalculator         com.android.sun.tattva               D  â•â•â•â•â•â•â•â•â•â•â•â•â•â•â•â•â•â•â•â•â•â•â•â•â•â•â•â•â•â•â•â•â•â•â•â•â•â•â•
2026-02-18 19:46:51.016 16108-16162 AstroCalculator         com.android.sun.tattva               D  ğŸ“ Julian Day: 2461091.1596081266
2026-02-18 19:46:51.016 16108-16162 AstroCalculator         com.android.sun.tattva               D  ğŸ“ Unix millis (UTC): 1771516190142
2026-02-18 19:46:51.016 16108-16162 AstroCalculator         com.android.sun.tattva               D  ğŸ“ Calendar TimeZone: UTC
2026-02-18 19:46:51.016 16108-16162 AstroCalculator         com.android.sun.tattva               D  ğŸ“ Ora UTC: 15:49:50
2026-02-18 19:46:51.016 16108-16162 AstroCalculator         com.android.sun.tattva               D  â•â•â•â•â•â•â•â•â•â•â•â•â•â•â•â•â•â•â•â•â•â•â•â•â•â•â•â•â•â•â•â•â•â•â•â•â•â•â•
2026-02-18 19:46:51.017 16108-16162 PolarityCalculator      com.android.sun.tattva               D  === POLARITY DEBUG ===
2026-02-18 19:46:51.017 16108-16162 PolarityCalculator      com.android.sun.tattva               D  Moon: 351.7634609598698Â°, Sun:  330.5570404905031Â°
2026-02-18 19:46:51.017 16108-16162 PolarityCalculator      com.android.sun.tattva               D  Diff: 21.20642046936672Â°, Paksha: Shukla
2026-02-18 19:46:51.017 16108-16162 PolarityCalculator      com.android.sun.tattva               D  Nitya: 2, nn: 0 (PAR)
2026-02-18 19:46:51.018 16108-16162 PolarityCalculator      com.android.sun.tattva               D  Sunrise Polarity: (-) Ida
2026-02-18 19:46:51.018 16108-16162 PolarityCalculator      com.android.sun.tattva               D  === POLARITY DEBUG ===
2026-02-18 19:46:51.018 16108-16162 PolarityCalculator      com.android.sun.tattva               D  Moon: 357.8212628093093Â°, Sun:  331.00557048085494Â°
2026-02-18 19:46:51.018 16108-16162 PolarityCalculator      com.android.sun.tattva               D  Diff: 26.81569232845436Â°, Paksha: Shukla
2026-02-18 19:46:51.018 16108-16162 PolarityCalculator      com.android.sun.tattva               D  Nitya: 3, nn: 0 (PAR)
2026-02-18 19:46:51.018 16108-16162 PolarityCalculator      com.android.sun.tattva               D  Sunset Polarity: (+) Pingala
2026-02-18 19:46:51.019 16108-16162 TattvaNoti...ionService com.android.sun.tattva               D  Creating Tattva notification: ğŸ”µ VAYU - until 19:59 (+2.0)
2026-02-18 19:46:51.019 16108-16162 TattvaNoti...ionService com.android.sun.tattva               D  Tattva icon resource: 2131034151
2026-02-18 19:46:51.020 16108-16162 TattvaNoti...ionService com.android.sun.tattva               D  createDetailedNotification(): title='ğŸ”µ VAYU - until 19:59 (+2.0)', iconRes=2131034151, channelId=tattva_persistent_channel
2026-02-18 19:46:51.021 16108-16162 TattvaNoti...ionService com.android.sun.tattva               D  Notification created with group key: com.android.sun.STATUS_BAR_NOTIFICATIONS
2026-02-18 19:46:51.021 16108-16162 TattvaNoti...ionService com.android.sun.tattva               D  Calling startForeground with TATTVA_NOTIF_ID=1001
2026-02-18 19:46:51.026 16108-16162 TattvaNoti...ionService com.android.sun.tattva               D  Creating Planet notification: â™€Venus - until 20:01 (+2.0)
2026-02-18 19:46:51.026 16108-16162 TattvaNoti...ionService com.android.sun.tattva               D  Planet icon resource: 2131034146
2026-02-18 19:46:51.026 16108-16162 TattvaNoti...ionService com.android.sun.tattva               D  createDetailedNotification(): title='â™€Venus - until 20:01 (+2.0)', iconRes=2131034146, channelId=planet_persistent_channel
2026-02-18 19:46:51.028 16108-16162 TattvaNoti...ionService com.android.sun.tattva               D  Notification created with group key: com.android.sun.STATUS_BAR_NOTIFICATIONS
2026-02-18 19:46:51.028 16108-16162 TattvaNoti...ionService com.android.sun.tattva               D  Both enabled - calling notify() for PLANET_NOTIF_ID=1002
2026-02-18 19:46:51.031 16108-16162 TattvaNoti...ionService com.android.sun.tattva               D  updateNotification() completed successfully
2026-02-18 19:46:51.031 16108-16162 TattvaNoti...ionService com.android.sun.tattva               D  â•â•â•â•â•â•â•â•â•â•â•â•â•â•â•â•â•â•â•â•â•â•â•â•â•â•â•â•â•â•â•â•â•â•â•â•â•â•â•â•â•â•â•â•â•â•â•â•â•â•â•â•â•â•â•
2026-02-18 19:47:03.190 16108-16108 VRI[MainActivity]       com.android.sun.tattva               D  visibilityChanged oldVisibility=true newVisibility=false
2026-02-18 19:47:03.240 16108-16108 ViewRootImpl            com.android.sun.tattva               D  Skipping stats log for color mode
2026-02-18 19:47:05.280 16108-16108 NotificationHelper      com.android.sun.tattva               D  Notification channel created:  moon_notifications
2026-02-18 19:47:05.320 16108-16108 TattvaNoti...ionService com.android.sun.tattva               D  onStartCommand() called
2026-02-18 19:47:05.321 16108-16108 TattvaNoti...ionService com.android.sun.tattva               D  createDetailedNotification(): title='Loading astro data...', iconRes=2131034152, channelId=tattva_persistent_channel
2026-02-18 19:47:05.322 16108-16108 TattvaNoti...ionService com.android.sun.tattva               D  Notification created with group key: com.android.sun.STATUS_BAR_NOTIFICATIONS
2026-02-18 19:47:05.327 16108-16108 TattvaNoti...ionService com.android.sun.tattva               D  Started in foreground with initial notification
2026-02-18 19:47:05.331 16108-16135 TattvaNoti...ionService com.android.sun.tattva               D  â•â•â•â•â•â•â•â•â•â•â•â•â•â•â•â•â•â•â•â•â•â•â•â•â•â•â•â•â•â•â•â•â•â•â•â•â•â•â•â•â•â•â•â•â•â•â•â•â•â•â•â•â•â•â•
2026-02-18 19:47:05.331 16108-16135 TattvaNoti...ionService com.android.sun.tattva               D  updateNotification() called
2026-02-18 19:47:05.331 16108-16135 SwissEphWrapper         com.android.sun.tattva               D  âœ… Already initialized globally, reusing path
2026-02-18 19:47:05.337 16108-16135 TattvaNoti...ionService com.android.sun.tattva               D  Settings: showTattva=true, showPlanet=true
2026-02-18 19:47:05.350 16108-16108 SwissEphWrapper         com.android.sun.tattva               D  âœ… Already initialized globally, reusing path
2026-02-18 19:47:05.354 16108-16135 AstroCalculator         com.android.sun.tattva               D  â•â•â•â•â•â•â•â•â•â•â•â•â•â•â•â•â•â•â•â•â•â•â•â•â•â•â•â•â•â•â•â•â•â•â•â•â•â•â•
2026-02-18 19:47:05.357 16108-16135 AstroCalculator         com.android.sun.tattva               D  ğŸ“ Julian Day: 2461089.7160554733
2026-02-18 19:47:05.358 16108-16135 AstroCalculator         com.android.sun.tattva               D  ğŸ“ Unix millis (UTC): 1771391467192
2026-02-18 19:47:05.358 16108-16135 AstroCalculator         com.android.sun.tattva               D  ğŸ“ Calendar TimeZone: UTC
2026-02-18 19:47:05.359 16108-16135 AstroCalculator         com.android.sun.tattva               D  ğŸ“ Ora UTC: 5:11:07
2026-02-18 19:47:05.360 16108-16135 AstroCalculator         com.android.sun.tattva               D  â•â•â•â•â•â•â•â•â•â•â•â•â•â•â•â•â•â•â•â•â•â•â•â•â•â•â•â•â•â•â•â•â•â•â•â•â•â•â•
2026-02-18 19:47:05.362 16108-16108 MainViewModel           com.android.sun.tattva               D  ğŸ”µ init called
2026-02-18 19:47:05.362 16108-16108 MainViewModel           com.android.sun.tattva               D  ğŸ”µ loadSavedLocationSync() called
2026-02-18 19:47:05.363 16108-16108 MainViewModel           com.android.sun.tattva               D  âœ… Loaded saved location: BucureÈ™ti (44.42679977416992, 26.102500915527344)
2026-02-18 19:47:05.363 16108-16108 MainViewModel           com.android.sun.tattva               D  â”€â”€â”€â”€â”€â”€â”€â”€â”€â”€â”€â”€â”€â”€â”€â”€â”€â”€â”€â”€â”€â”€â”€â”€â”€â”€â”€â”€â”€â”€â”€â”€â”€â”€â”€â”€â”€â”€â”€
2026-02-18 19:47:05.363 16108-16108 MainViewModel           com.android.sun.tattva               D  ğŸ”µ calculateAstroData() START
2026-02-18 19:47:05.363 16108-16108 MainViewModel           com.android.sun.tattva               D  ğŸ”µ Using location: BucureÈ™ti
2026-02-18 19:47:05.363 16108-16108 MainViewModel           com.android.sun.tattva               D  ğŸ”µ   Lat: 44.42679977416992, Lon: 26.102500915527344
2026-02-18 19:47:05.363 16108-16108 MainViewModel           com.android.sun.tattva               D  ğŸ”µ   TimeZone: 2.0
2026-02-18 19:47:05.370 16108-16108 LocationViewModel       com.android.sun.tattva               D  â„¹ï¸ No saved GPS location found
2026-02-18 19:47:05.370 16108-16108 LocationViewModel       com.android.sun.tattva               D  ğŸ”µ loadGPSLocation() CALLED
2026-02-18 19:47:05.371 16108-16108 LocationViewModel       com.android.sun.tattva               D  ğŸ”µ Starting GPS location request...
2026-02-18 19:47:05.371 16108-16108 SwissEphWrapper         com.android.sun.tattva               D  âœ… Already initialized globally, reusing path
2026-02-18 19:47:05.375 16108-16134 LocationRepository      com.android.sun.tattva               D  ğŸŸ¡ getCurrentLocation() called
2026-02-18 19:47:05.379 16108-16134 LocationRepository      com.android.sun.tattva               E  âŒ No location permission!
2026-02-18 19:47:05.393 16108-16135 AstroCalculator         com.android.sun.tattva               D  â•â•â•â•â•â•â•â•â•â•â•â•â•â•â•â•â•â•â•â•â•â•â•â•â•â•â•â•â•â•â•â•â•â•â•â•â•â•â•
2026-02-18 19:47:05.395 16108-16135 AstroCalculator         com.android.sun.tattva               D  ğŸ“ Julian Day: 2461090.1586515913
2026-02-18 19:47:05.396 16108-16135 AstroCalculator         com.android.sun.tattva               D  ğŸ“ Unix millis (UTC): 1771429707497
2026-02-18 19:47:05.397 16108-16135 AstroCalculator         com.android.sun.tattva               D  ğŸ“ Calendar TimeZone: UTC
2026-02-18 19:47:05.398 16108-16135 AstroCalculator         com.android.sun.tattva               D  ğŸ“ Ora UTC: 15:48:27
2026-02-18 19:47:05.399 16108-16135 AstroCalculator         com.android.sun.tattva               D  â•â•â•â•â•â•â•â•â•â•â•â•â•â•â•â•â•â•â•â•â•â•â•â•â•â•â•â•â•â•â•â•â•â•â•â•â•â•â•
2026-02-18 19:47:05.408 16108-16162 AstroCalculator         com.android.sun.tattva               D  â•â•â•â•â•â•â•â•â•â•â•â•â•â•â•â•â•â•â•â•â•â•â•â•â•â•â•â•â•â•â•â•â•â•â•â•â•â•â•
2026-02-18 19:47:05.409 16108-16162 AstroCalculator         com.android.sun.tattva               D  ğŸ“ Julian Day: 2461089.7160554733
2026-02-18 19:47:05.409 16108-16162 AstroCalculator         com.android.sun.tattva               D  ğŸ“ Unix millis (UTC): 1771391467192
2026-02-18 19:47:05.410 16108-16162 AstroCalculator         com.android.sun.tattva               D  ğŸ“ Calendar TimeZone: UTC
2026-02-18 19:47:05.418 16108-16162 AstroCalculator         com.android.sun.tattva               D  ğŸ“ Ora UTC: 5:11:07
2026-02-18 19:47:05.418 16108-16162 AstroCalculator         com.android.sun.tattva               D  â•â•â•â•â•â•â•â•â•â•â•â•â•â•â•â•â•â•â•â•â•â•â•â•â•â•â•â•â•â•â•â•â•â•â•â•â•â•â•
2026-02-18 19:47:05.446 16108-16162 AstroCalculator         com.android.sun.tattva               D  â•â•â•â•â•â•â•â•â•â•â•â•â•â•â•â•â•â•â•â•â•â•â•â•â•â•â•â•â•â•â•â•â•â•â•â•â•â•â•
2026-02-18 19:47:05.446 16108-16162 AstroCalculator         com.android.sun.tattva               D  ğŸ“ Julian Day: 2461090.1586515913
2026-02-18 19:47:05.446 16108-16162 AstroCalculator         com.android.sun.tattva               D  ğŸ“ Unix millis (UTC): 1771429707497
2026-02-18 19:47:05.447 16108-16162 AstroCalculator         com.android.sun.tattva               D  ğŸ“ Calendar TimeZone: UTC
2026-02-18 19:47:05.447 16108-16162 AstroCalculator         com.android.sun.tattva               D  ğŸ“ Ora UTC: 15:48:27
2026-02-18 19:47:05.447 16108-16162 AstroCalculator         com.android.sun.tattva               D  â•â•â•â•â•â•â•â•â•â•â•â•â•â•â•â•â•â•â•â•â•â•â•â•â•â•â•â•â•â•â•â•â•â•â•â•â•â•â•
2026-02-18 19:47:05.453 16108-16162 AstroCalculator         com.android.sun.tattva               D  â•â•â•â•â•â•â•â•â•â•â•â•â•â•â•â•â•â•â•â•â•â•â•â•â•â•â•â•â•â•â•â•â•â•â•â•â•â•â•
2026-02-18 19:47:05.454 16108-16162 AstroCalculator         com.android.sun.tattva               D  ğŸ“ Julian Day: 2461089.157692036
2026-02-18 19:47:05.454 16108-16162 AstroCalculator         com.android.sun.tattva               D  ğŸ“ Unix millis (UTC): 1771343224591
2026-02-18 19:47:05.454 16108-16162 AstroCalculator         com.android.sun.tattva               D  ğŸ“ Calendar TimeZone: UTC
2026-02-18 19:47:05.454 16108-16162 AstroCalculator         com.android.sun.tattva               D  ğŸ“ Ora UTC: 15:47:04
2026-02-18 19:47:05.455 16108-16162 AstroCalculator         com.android.sun.tattva               D  â•â•â•â•â•â•â•â•â•â•â•â•â•â•â•â•â•â•â•â•â•â•â•â•â•â•â•â•â•â•â•â•â•â•â•â•â•â•â•
2026-02-18 19:47:05.477 16108-16135 AstroCalculator         com.android.sun.tattva               D  â•â•â•â•â•â•â•â•â•â•â•â•â•â•â•â•â•â•â•â•â•â•â•â•â•â•â•â•â•â•â•â•â•â•â•â•â•â•â•
2026-02-18 19:47:05.479 16108-16135 AstroCalculator         com.android.sun.tattva               D  ğŸ“ Julian Day: 2461089.157692036
2026-02-18 19:47:05.480 16108-16135 AstroCalculator         com.android.sun.tattva               D  ğŸ“ Unix millis (UTC): 1771343224591
2026-02-18 19:47:05.480 16108-16135 AstroCalculator         com.android.sun.tattva               D  ğŸ“ Calendar TimeZone: UTC
2026-02-18 19:47:05.480 16108-16135 AstroCalculator         com.android.sun.tattva               D  ğŸ“ Ora UTC: 15:47:04
2026-02-18 19:47:05.480 16108-16135 AstroCalculator         com.android.sun.tattva               D  â•â•â•â•â•â•â•â•â•â•â•â•â•â•â•â•â•â•â•â•â•â•â•â•â•â•â•â•â•â•â•â•â•â•â•â•â•â•â•
2026-02-18 19:47:05.484 16108-16108 LocationViewModel       com.android.sun.tattva               D  ğŸ”µ GPS result: null
2026-02-18 19:47:05.484 16108-16108 LocationViewModel       com.android.sun.tattva               D  â„¹ï¸ No saved GPS location found
2026-02-18 19:47:05.484 16108-16108 LocationViewModel       com.android.sun.tattva               E  âŒ GPS returned null and no saved location
2026-02-18 19:47:05.484 16108-16108 LocationViewModel       com.android.sun.tattva               D  ğŸ”µ GPS request finished
2026-02-18 19:47:05.502 16108-16162 AstroCalculator         com.android.sun.tattva               D  â•â•â•â•â•â•â•â•â•â•â•â•â•â•â•â•â•â•â•â•â•â•â•â•â•â•â•â•â•â•â•â•â•â•â•â•â•â•â•
2026-02-18 19:47:05.503 16108-16162 AstroCalculator         com.android.sun.tattva               D  ğŸ“ Julian Day: 2461090.714978298
2026-02-18 19:47:05.503 16108-16162 AstroCalculator         com.android.sun.tattva               D  ğŸ“ Unix millis (UTC): 1771477774124
2026-02-18 19:47:05.503 16108-16162 AstroCalculator         com.android.sun.tattva               D  ğŸ“ Calendar TimeZone: UTC
2026-02-18 19:47:05.503 16108-16162 AstroCalculator         com.android.sun.tattva               D  ğŸ“ Ora UTC: 5:09:34
2026-02-18 19:47:05.506 16108-16162 AstroCalculator         com.android.sun.tattva               D  â•â•â•â•â•â•â•â•â•â•â•â•â•â•â•â•â•â•â•â•â•â•â•â•â•â•â•â•â•â•â•â•â•â•â•â•â•â•â•
2026-02-18 19:47:05.506 16108-16162 TattvaCalculator        com.android.sun.tattva               D  === TATTVA DEBUG START ===
2026-02-18 19:47:05.506 16108-16162 TattvaCalculator        com.android.sun.tattva               D  Current time: 2026-02-18 19:47:05
2026-02-18 19:47:05.506 16108-16162 TattvaCalculator        com.android.sun.tattva               D  Sunrise time: 2026-02-18 05:11:07
2026-02-18 19:47:05.506 16108-16162 TattvaCalculator        com.android.sun.tattva               D  Elapsed since sunrise: 755 minutes
2026-02-18 19:47:05.506 16108-16162 TattvaCalculator        com.android.sun.tattva               D  Tattva index from sunrise: 31
2026-02-18 19:47:05.506 16108-16162 TattvaCalculator        com.android.sun.tattva               D  Cycle number: 6
2026-02-18 19:47:05.506 16108-16162 TattvaCalculator        com.android.sun.tattva               D  Tattva index in cycle: 1
2026-02-18 19:47:05.506 16108-16162 TattvaCalculator        com.android.sun.tattva               D  Current Tattva: Vayu
2026-02-18 19:47:05.506 16108-16162 TattvaCalculator        com.android.sun.tattva               D  Tattva starts at: 2026-02-18 19:35:07
2026-02-18 19:47:05.507 16108-16162 TattvaCalculator        com.android.sun.tattva               D  Tattva ends at: 2026-02-18 19:59:07
2026-02-18 19:47:05.507 16108-16162 TattvaCalculator        com.android.sun.tattva               D  Current millis: 1771436825366
2026-02-18 19:47:05.507 16108-16162 TattvaCalculator        com.android.sun.tattva               D  Tattva end millis: 1771437547192
2026-02-18 19:47:05.507 16108-16162 TattvaCalculator        com.android.sun.tattva               D  Remaining millis: 721826
2026-02-18 19:47:05.507 16108-16162 TattvaCalculator        com.android.sun.tattva               D  Remaining: 12m 1s
2026-02-18 19:47:05.507 16108-16162 TattvaCalculator        com.android.sun.tattva               D  === TATTVA DEBUG END ===
2026-02-18 19:47:05.507 16108-16162 SubTattvaCalculator     com.android.sun.tattva               D  === SUBTATTVA DEBUG START ===
2026-02-18 19:47:05.507 16108-16162 SubTattvaCalculator     com.android.sun.tattva               D  Current time: 2026-02-18 19:47:05
2026-02-18 19:47:05.507 16108-16162 SubTattvaCalculator     com.android.sun.tattva               D  Sunrise time: 2026-02-18 05:11:07
2026-02-18 19:47:05.507 16108-16162 SubTattvaCalculator     com.android.sun.tattva               D  Elapsed since sunrise: 45358 seconds
2026-02-18 19:47:05.507 16108-16162 SubTattvaCalculator     com.android.sun.tattva               D  SubTattva index from sunrise: 157
2026-02-18 19:47:05.507 16108-16162 SubTattvaCalculator     com.android.sun.tattva               D  SubTattva index in Tattva: 2
2026-02-18 19:47:05.507 16108-16162 SubTattvaCalculator     com.android.sun.tattva               D  Current SubTattva: Tejas
2026-02-18 19:47:05.507 16108-16162 SubTattvaCalculator     com.android.sun.tattva               D  SubTattva starts at: 2026-02-18 19:44:43
2026-02-18 19:47:05.507 16108-16162 SubTattvaCalculator     com.android.sun.tattva               D  SubTattva ends at: 2026-02-18 19:49:31
2026-02-18 19:47:05.507 16108-16162 SubTattvaCalculator     com.android.sun.tattva               D  Current millis: 1771436825366
2026-02-18 19:47:05.507 16108-16162 SubTattvaCalculator     com.android.sun.tattva               D  SubTattva end millis: 1771436971192
2026-02-18 19:47:05.507 16108-16162 SubTattvaCalculator     com.android.sun.tattva               D  Remaining millis: 145826
2026-02-18 19:47:05.507 16108-16162 SubTattvaCalculator     com.android.sun.tattva               D  Remaining: 2m 25s
2026-02-18 19:47:05.507 16108-16162 SubTattvaCalculator     com.android.sun.tattva               D  === SUBTATTVA DEBUG END ===
2026-02-18 19:47:05.510 16108-16162 MoonPhaseCalculator     com.android.sun.tattva               D  ğŸ“ START SEARCH: target=154.2833Â°, current=15.27417285073983Â°
2026-02-18 19:47:05.510 16108-16162 MoonPhaseCalculator     com.android.sun.tattva               D    Degrees to go: 139.00912714926017Â°, estimated days: 11
2026-02-18 19:47:05.514 16108-16162 MoonPhaseCalculator     com.android.sun.tattva               D    After DAY search:   2026-03-01 17:47:05 UTC
2026-02-18 19:47:05.520 16108-16162 MoonPhaseCalculator     com.android.sun.tattva               D    After HOUR search:  2026-03-01 10:47:05 UTC
2026-02-18 19:47:05.530 16108-16135 AstroCalculator         com.android.sun.tattva               D  â•â•â•â•â•â•â•â•â•â•â•â•â•â•â•â•â•â•â•â•â•â•â•â•â•â•â•â•â•â•â•â•â•â•â•â•â•â•â•
2026-02-18 19:47:05.531 16108-16135 AstroCalculator         com.android.sun.tattva               D  ğŸ“ Julian Day: 2461090.714978298
2026-02-18 19:47:05.531 16108-16135 AstroCalculator         com.android.sun.tattva               D  ğŸ“ Unix millis (UTC): 1771477774124
2026-02-18 19:47:05.531 16108-16135 AstroCalculator         com.android.sun.tattva               D  ğŸ“ Calendar TimeZone: UTC
2026-02-18 19:47:05.531 16108-16135 AstroCalculator         com.android.sun.tattva               D  ğŸ“ Ora UTC: 5:09:34
2026-02-18 19:47:05.531 16108-16135 AstroCalculator         com.android.sun.tattva               D  â•â•â•â•â•â•â•â•â•â•â•â•â•â•â•â•â•â•â•â•â•â•â•â•â•â•â•â•â•â•â•â•â•â•â•â•â•â•â•
2026-02-18 19:47:05.532 16108-16135 TattvaCalculator        com.android.sun.tattva               D  === TATTVA DEBUG START ===
2026-02-18 19:47:05.544 16108-16135 TattvaCalculator        com.android.sun.tattva               D  Current time: 2026-02-18 19:47:05
2026-02-18 19:47:05.547 16108-16135 TattvaCalculator        com.android.sun.tattva               D  Sunrise time: 2026-02-18 05:11:07
2026-02-18 19:47:05.547 16108-16135 TattvaCalculator        com.android.sun.tattva               D  Elapsed since sunrise: 755 minutes
2026-02-18 19:47:05.547 16108-16135 TattvaCalculator        com.android.sun.tattva               D  Tattva index from sunrise: 31
2026-02-18 19:47:05.547 16108-16135 TattvaCalculator        com.android.sun.tattva               D  Cycle number: 6
2026-02-18 19:47:05.547 16108-16135 TattvaCalculator        com.android.sun.tattva               D  Tattva index in cycle: 1
2026-02-18 19:47:05.547 16108-16135 TattvaCalculator        com.android.sun.tattva               D  Current Tattva: Vayu
2026-02-18 19:47:05.548 16108-16135 TattvaCalculator        com.android.sun.tattva               D  Tattva starts at: 2026-02-18 19:35:07
2026-02-18 19:47:05.552 16108-16135 TattvaCalculator        com.android.sun.tattva               D  Tattva ends at: 2026-02-18 19:59:07
2026-02-18 19:47:05.552 16108-16135 TattvaCalculator        com.android.sun.tattva               D  Current millis: 1771436825337
2026-02-18 19:47:05.553 16108-16135 TattvaCalculator        com.android.sun.tattva               D  Tattva end millis: 1771437547192
2026-02-18 19:47:05.553 16108-16135 TattvaCalculator        com.android.sun.tattva               D  Remaining millis: 721855
2026-02-18 19:47:05.553 16108-16135 TattvaCalculator        com.android.sun.tattva               D  Remaining: 12m 1s
2026-02-18 19:47:05.553 16108-16135 TattvaCalculator        com.android.sun.tattva               D  === TATTVA DEBUG END ===
2026-02-18 19:47:05.555 16108-16135 SubTattvaCalculator     com.android.sun.tattva               D  === SUBTATTVA DEBUG START ===
2026-02-18 19:47:05.560 16108-16135 SubTattvaCalculator     com.android.sun.tattva               D  Current time: 2026-02-18 19:47:05
2026-02-18 19:47:05.560 16108-16135 SubTattvaCalculator     com.android.sun.tattva               D  Sunrise time: 2026-02-18 05:11:07
2026-02-18 19:47:05.561 16108-16135 SubTattvaCalculator     com.android.sun.tattva               D  Elapsed since sunrise: 45358 seconds
2026-02-18 19:47:05.562 16108-16135 SubTattvaCalculator     com.android.sun.tattva               D  SubTattva index from sunrise: 157
2026-02-18 19:47:05.564 16108-16135 SubTattvaCalculator     com.android.sun.tattva               D  SubTattva index in Tattva: 2
2026-02-18 19:47:05.565 16108-16135 SubTattvaCalculator     com.android.sun.tattva               D  Current SubTattva: Tejas
2026-02-18 19:47:05.566 16108-16135 SubTattvaCalculator     com.android.sun.tattva               D  SubTattva starts at: 2026-02-18 19:44:43
2026-02-18 19:47:05.567 16108-16135 SubTattvaCalculator     com.android.sun.tattva               D  SubTattva ends at: 2026-02-18 19:49:31
2026-02-18 19:47:05.567 16108-16135 SubTattvaCalculator     com.android.sun.tattva               D  Current millis: 1771436825337
2026-02-18 19:47:05.567 16108-16135 SubTattvaCalculator     com.android.sun.tattva               D  SubTattva end millis: 1771436971192
2026-02-18 19:47:05.567 16108-16135 SubTattvaCalculator     com.android.sun.tattva               D  Remaining millis: 145855
2026-02-18 19:47:05.567 16108-16135 SubTattvaCalculator     com.android.sun.tattva               D  Remaining: 2m 25s
2026-02-18 19:47:05.567 16108-16135 SubTattvaCalculator     com.android.sun.tattva               D  === SUBTATTVA DEBUG END ===
2026-02-18 19:47:05.567 16108-16135 MoonPhaseCalculator     com.android.sun.tattva               D  ğŸ“ START SEARCH: target=154.2833Â°, current=15.27417285073983Â°
2026-02-18 19:47:05.568 16108-16135 MoonPhaseCalculator     com.android.sun.tattva               D    Degrees to go: 139.00912714926017Â°, estimated days: 11
2026-02-18 19:47:05.570 16108-16135 MoonPhaseCalculator     com.android.sun.tattva               D    After DAY search:   2026-03-01 17:47:05 UTC
2026-02-18 19:47:05.593 16108-16135 MoonPhaseCalculator     com.android.sun.tattva               D    After HOUR search:  2026-03-01 10:47:05 UTC
2026-02-18 19:47:05.597 16108-16108 InsetsController        com.android.sun.tattva               D  hide(ime(), fromIme=false)
2026-02-18 19:47:05.611 16108-16162 MoonPhaseCalculator     com.android.sun.tattva               D  âœ… FOUND phase 154.2833Â° (UTC):  2026-03-01 10:26:05 UTC, diff=0.002348612085370405Â°
2026-02-18 19:47:05.611 16108-16162 MoonPhaseCalculator     com.android.sun.tattva               D  âœ… Converted to Europe/Bucharest: 2026-03-01 12:26:05 Europe/Bucharest
2026-02-18 19:47:05.611 16108-16162 MoonPhaseCalculator     com.android.sun.tattva               D  ğŸ“ START SEARCH: target=180.0Â°, current=15.27417285073983Â°
2026-02-18 19:47:05.611 16108-16162 MoonPhaseCalculator     com.android.sun.tattva               D    Degrees to go: 164.72582714926017Â°, estimated days: 13
2026-02-18 19:47:05.614 16108-16162 MoonPhaseCalculator     com.android.sun.tattva               D    After DAY search:   2026-03-03 17:47:05 UTC
2026-02-18 19:47:05.646 16108-16162 MoonPhaseCalculator     com.android.sun.tattva               D    After HOUR search:  2026-03-03 11:47:05 UTC
